     1 00000000                                 [FORMAT "WCOFF"]
     2 00000000                                 [INSTRSET "i486p"]
     3 00000000                                 [OPTIMIZE 1]
     4 00000000                                 [OPTION 1]
     5 00000000                                 [BITS 32]
     6 00000000                                 	EXTERN	_io_hlt
     7 00000000                                 	EXTERN	_memman_alloc_4k
     8 00000000                                 	EXTERN	_set_segmdesc
     9 00000000                                 	EXTERN	_load_tr
    10 00000000                                 	EXTERN	_timer_alloc
    11 00000000                                 	EXTERN	_timer_settime
    12 00000000                                 	EXTERN	_farjmp
    13 00000000                                 [FILE "mtask.c"]
    14                                          [SECTION .text]
    15 00000000                                 	GLOBAL	_task_now
    16 00000000                                 _task_now:
    17 00000000 A1 [00000008]                   	MOV	EAX,DWORD [_taskctl]
    18 00000005 55                              	PUSH	EBP
    19 00000006 89 E5                           	MOV	EBP,ESP
    20 00000008 5D                              	POP	EBP
    21 00000009 8B 50 0C                        	MOV	EDX,DWORD [12+EAX]
    22 0000000C 69 D2 00000198                  	IMUL	EDX,EDX,408
    23 00000012 8D 44 02 14                     	LEA	EAX,DWORD [20+EDX+EAX*1]
    24 00000016 8B 50 04                        	MOV	EDX,DWORD [4+EAX]
    25 00000019 8B 44 90 08                     	MOV	EAX,DWORD [8+EAX+EDX*4]
    26 0000001D C3                              	RET
    27 0000001E                                 	GLOBAL	_task_add
    28 0000001E                                 _task_add:
    29 0000001E 55                              	PUSH	EBP
    30 0000001F 8B 0D [00000008]                	MOV	ECX,DWORD [_taskctl]
    31 00000025 89 E5                           	MOV	EBP,ESP
    32 00000027 53                              	PUSH	EBX
    33 00000028 8B 5D 08                        	MOV	EBX,DWORD [8+EBP]
    34 0000002B 8B 53 08                        	MOV	EDX,DWORD [8+EBX]
    35 0000002E 69 D2 00000198                  	IMUL	EDX,EDX,408
    36 00000034 8D 14 0A                        	LEA	EDX,DWORD [EDX+ECX*1]
    37 00000037 8B 42 14                        	MOV	EAX,DWORD [20+EDX]
    38 0000003A 89 5C 82 1C                     	MOV	DWORD [28+EDX+EAX*4],EBX
    39 0000003E 40                              	INC	EAX
    40 0000003F 89 42 14                        	MOV	DWORD [20+EDX],EAX
    41 00000042 C7 43 04 00000002               	MOV	DWORD [4+EBX],2
    42 00000049 8B 01                           	MOV	EAX,DWORD [ECX]
    43 0000004B 40                              	INC	EAX
    44 0000004C 89 01                           	MOV	DWORD [ECX],EAX
    45 0000004E 89 9C 81 00030DA4               	MOV	DWORD [200100+ECX+EAX*4],EBX
    46 00000055 5B                              	POP	EBX
    47 00000056 5D                              	POP	EBP
    48 00000057 C3                              	RET
    49 00000058                                 	GLOBAL	_task_remove
    50 00000058                                 _task_remove:
    51 00000058 55                              	PUSH	EBP
    52 00000059 31 C9                           	XOR	ECX,ECX
    53 0000005B 89 E5                           	MOV	EBP,ESP
    54 0000005D 56                              	PUSH	ESI
    55 0000005E 53                              	PUSH	EBX
    56 0000005F 8B 1D [00000008]                	MOV	EBX,DWORD [_taskctl]
    57 00000065 8B 75 08                        	MOV	ESI,DWORD [8+EBP]
    58 00000068 8B 46 08                        	MOV	EAX,DWORD [8+ESI]
    59 0000006B 69 C0 00000198                  	IMUL	EAX,EAX,408
    60 00000071 8D 04 18                        	LEA	EAX,DWORD [EAX+EBX*1]
    61 00000074 8D 50 14                        	LEA	EDX,DWORD [20+EAX]
    62 00000077 3B 48 14                        	CMP	ECX,DWORD [20+EAX]
    63 0000007A 7D 0B                           	JGE	L5
    64 0000007C                                 L9:
    65 0000007C 39 74 8A 08                     	CMP	DWORD [8+EDX+ECX*4],ESI
    66 00000080 74 05                           	JE	L5
    67 00000082 41                              	INC	ECX
    68 00000083 3B 0A                           	CMP	ECX,DWORD [EDX]
    69 00000085 7C F5                           	JL	L9
    70 00000087                                 L5:
    71 00000087 FF 0A                           	DEC	DWORD [EDX]
    72 00000089 FF 0B                           	DEC	DWORD [EBX]
    73 0000008B 8B 42 04                        	MOV	EAX,DWORD [4+EDX]
    74 0000008E 39 C1                           	CMP	ECX,EAX
    75 00000090 7D 04                           	JGE	L10
    76 00000092 48                              	DEC	EAX
    77 00000093 89 42 04                        	MOV	DWORD [4+EDX],EAX
    78 00000096                                 L10:
    79 00000096 8B 02                           	MOV	EAX,DWORD [EDX]
    80 00000098 39 42 04                        	CMP	DWORD [4+EDX],EAX
    81 0000009B 7C 07                           	JL	L11
    82 0000009D C7 42 04 00000000               	MOV	DWORD [4+EDX],0
    83 000000A4                                 L11:
    84 000000A4 C7 46 04 00000001               	MOV	DWORD [4+ESI],1
    85 000000AB 8B 1A                           	MOV	EBX,DWORD [EDX]
    86 000000AD 39 D9                           	CMP	ECX,EBX
    87 000000AF 7D 0D                           	JGE	L19
    88 000000B1                                 L16:
    89 000000B1 8B 44 8A 0C                     	MOV	EAX,DWORD [12+EDX+ECX*4]
    90 000000B5 89 44 8A 08                     	MOV	DWORD [8+EDX+ECX*4],EAX
    91 000000B9 41                              	INC	ECX
    92 000000BA 39 D9                           	CMP	ECX,EBX
    93 000000BC 7C F3                           	JL	L16
    94 000000BE                                 L19:
    95 000000BE 5B                              	POP	EBX
    96 000000BF 5E                              	POP	ESI
    97 000000C0 5D                              	POP	EBP
    98 000000C1 C3                              	RET
    99 000000C2                                 	GLOBAL	_task_switchsub
   100 000000C2                                 _task_switchsub:
   101 000000C2 55                              	PUSH	EBP
   102 000000C3 31 C9                           	XOR	ECX,ECX
   103 000000C5 89 E5                           	MOV	EBP,ESP
   104 000000C7 A1 [00000008]                   	MOV	EAX,DWORD [_taskctl]
   105 000000CC 31 D2                           	XOR	EDX,EDX
   106 000000CE                                 L26:
   107 000000CE 83 7C 10 14 00                  	CMP	DWORD [20+EAX+EDX*1],0
   108 000000D3 7F 0C                           	JG	L22
   109 000000D5 41                              	INC	ECX
   110 000000D6 81 C2 00000198                  	ADD	EDX,408
   111 000000DC 83 F9 09                        	CMP	ECX,9
   112 000000DF 7E ED                           	JLE	L26
   113 000000E1                                 L22:
   114 000000E1 89 48 0C                        	MOV	DWORD [12+EAX],ECX
   115 000000E4 C6 40 10 00                     	MOV	BYTE [16+EAX],0
   116 000000E8 5D                              	POP	EBP
   117 000000E9 C3                              	RET
   118 000000EA                                 	GLOBAL	_task_idle
   119 000000EA                                 _task_idle:
   120 000000EA 55                              	PUSH	EBP
   121 000000EB 89 E5                           	MOV	EBP,ESP
   122 000000ED                                 L29:
   123 000000ED E8 [00000000]                   	CALL	_io_hlt
   124 000000F2 EB F9                           	JMP	L29
   125                                          [SECTION .data]
   126 00000000                                 LC0:
   127 00000000 69 64 6C 65 00                  	DB	"idle",0x00
   128                                          [SECTION .text]
   129 000000F4                                 	GLOBAL	_task_init
   130 000000F4                                 _task_init:
   131 000000F4 55                              	PUSH	EBP
   132 000000F5 A1 [00000008]                   	MOV	EAX,DWORD [_taskctl]
   133 000000FA 89 E5                           	MOV	EBP,ESP
   134 000000FC 57                              	PUSH	EDI
   135 000000FD 56                              	PUSH	ESI
   136 000000FE 31 FF                           	XOR	EDI,EDI
   137 00000100 53                              	PUSH	EBX
   138 00000101 31 F6                           	XOR	ESI,ESI
   139 00000103 C7 00 00000001                  	MOV	DWORD [EAX],1
   140 00000109 BB 000003E7                     	MOV	EBX,999
   141 0000010E C7 40 08 00000000               	MOV	DWORD [8+EAX],0
   142 00000115 C7 40 04 00000000               	MOV	DWORD [4+EAX],0
   143 0000011C 68 00033C84                     	PUSH	212100
   144 00000121 FF 75 08                        	PUSH	DWORD [8+EBP]
   145 00000124 E8 [00000000]                   	CALL	_memman_alloc_4k
   146 00000129 A3 [00000008]                   	MOV	DWORD [_taskctl],EAX
   147 0000012E 58                              	POP	EAX
   148 0000012F 5A                              	POP	EDX
   149 00000130                                 L37:
   150 00000130 89 FA                           	MOV	EDX,EDI
   151 00000132 8D 46 18                        	LEA	EAX,DWORD [24+ESI]
   152 00000135 03 15 [00000008]                	ADD	EDX,DWORD [_taskctl]
   153 0000013B 89 82 00001004                  	MOV	DWORD [4100+EDX],EAX
   154 00000141 8D 86 00001F58                  	LEA	EAX,DWORD [8024+ESI]
   155 00000147 89 82 00001090                  	MOV	DWORD [4240+EDX],EAX
   156 0000014D 8D 86 00270018                  	LEA	EAX,DWORD [2555928+ESI]
   157 00000153 C7 82 00001008 00000000         	MOV	DWORD [4104+EDX],0
   158 0000015D 68 00000089                     	PUSH	137
   159 00000162 81 C2 00001030                  	ADD	EDX,4144
   160 00000168 52                              	PUSH	EDX
   161 00000169 6A 67                           	PUSH	103
   162 0000016B 50                              	PUSH	EAX
   163 0000016C E8 [00000000]                   	CALL	_set_segmdesc
   164 00000171 A1 [00000008]                   	MOV	EAX,DWORD [_taskctl]
   165 00000176 01 F8                           	ADD	EAX,EDI
   166 00000178 68 00000082                     	PUSH	130
   167 0000017D 05 00001098                     	ADD	EAX,4248
   168 00000182 81 C7 000000C4                  	ADD	EDI,196
   169 00000188 50                              	PUSH	EAX
   170 00000189 8D 86 00271F58                  	LEA	EAX,DWORD [2563928+ESI]
   171 0000018F 6A 0F                           	PUSH	15
   172 00000191 83 C6 08                        	ADD	ESI,8
   173 00000194 50                              	PUSH	EAX
   174 00000195 E8 [00000000]                   	CALL	_set_segmdesc
   175 0000019A 83 C4 20                        	ADD	ESP,32
   176 0000019D 4B                              	DEC	EBX
   177 0000019E 79 90                           	JNS	L37
   178 000001A0 8B 0D [00000008]                	MOV	ECX,DWORD [_taskctl]
   179 000001A6 31 D2                           	XOR	EDX,EDX
   180 000001A8 BB 00000009                     	MOV	EBX,9
   181 000001AD                                 L42:
   182 000001AD 8D 04 11                        	LEA	EAX,DWORD [ECX+EDX*1]
   183 000001B0 81 C2 00000198                  	ADD	EDX,408
   184 000001B6 4B                              	DEC	EBX
   185 000001B7 C7 40 14 00000000               	MOV	DWORD [20+EAX],0
   186 000001BE C7 40 18 00000000               	MOV	DWORD [24+EAX],0
   187 000001C5 79 E6                           	JNS	L42
   188 000001C7 E8 000000B0                     	CALL	_task_alloc
   189 000001CC 89 C6                           	MOV	ESI,EAX
   190 000001CE C7 40 04 00000002               	MOV	DWORD [4+EAX],2
   191 000001D5 C7 40 0C 00000002               	MOV	DWORD [12+EAX],2
   192 000001DC C7 40 08 00000000               	MOV	DWORD [8+EAX],0
   193 000001E3 50                              	PUSH	EAX
   194 000001E4 E8 FFFFFE35                     	CALL	_task_add
   195 000001E9 E8 FFFFFED4                     	CALL	_task_switchsub
   196 000001EE FF 36                           	PUSH	DWORD [ESI]
   197 000001F0 E8 [00000000]                   	CALL	_load_tr
   198 000001F5 E8 [00000000]                   	CALL	_timer_alloc
   199 000001FA FF 76 0C                        	PUSH	DWORD [12+ESI]
   200 000001FD 50                              	PUSH	EAX
   201 000001FE A3 [0000000C]                   	MOV	DWORD [_task_timer],EAX
   202 00000203 E8 [00000000]                   	CALL	_timer_settime
   203 00000208 E8 0000006F                     	CALL	_task_alloc
   204 0000020D 68 00010000                     	PUSH	65536
   205 00000212 FF 75 08                        	PUSH	DWORD [8+EBP]
   206 00000215 89 C3                           	MOV	EBX,EAX
   207 00000217 E8 [00000000]                   	CALL	_memman_alloc_4k
   208 0000021C 05 00010000                     	ADD	EAX,65536
   209 00000221 89 43 64                        	MOV	DWORD [100+EBX],EAX
   210 00000224 C7 43 4C [000000EA]             	MOV	DWORD [76+EBX],_task_idle
   211 0000022B C7 43 74 00000008               	MOV	DWORD [116+EBX],8
   212 00000232 C7 43 78 00000010               	MOV	DWORD [120+EBX],16
   213 00000239 C7 43 7C 00000008               	MOV	DWORD [124+EBX],8
   214 00000240 C7 83 00000080 00000008         	MOV	DWORD [128+EBX],8
   215 0000024A C7 83 00000084 00000008         	MOV	DWORD [132+EBX],8
   216 00000254 C7 83 00000088 00000008         	MOV	DWORD [136+EBX],8
   217 0000025E 6A 01                           	PUSH	1
   218 00000260 6A 09                           	PUSH	9
   219 00000262 53                              	PUSH	EBX
   220 00000263 E8 000000BE                     	CALL	_task_run
   221 00000268 89 F0                           	MOV	EAX,ESI
   222 0000026A C7 83 000000BC [00000000]       	MOV	DWORD [188+EBX],LC0
   223 00000274 8D 65 F4                        	LEA	ESP,DWORD [-12+EBP]
   224 00000277 5B                              	POP	EBX
   225 00000278 5E                              	POP	ESI
   226 00000279 5F                              	POP	EDI
   227 0000027A 5D                              	POP	EBP
   228 0000027B C3                              	RET
   229 0000027C                                 	GLOBAL	_task_alloc
   230 0000027C                                 _task_alloc:
   231 0000027C 55                              	PUSH	EBP
   232 0000027D 31 C9                           	XOR	ECX,ECX
   233 0000027F 89 E5                           	MOV	EBP,ESP
   234 00000281 31 D2                           	XOR	EDX,EDX
   235 00000283                                 L53:
   236 00000283 89 D0                           	MOV	EAX,EDX
   237 00000285 03 05 [00000008]                	ADD	EAX,DWORD [_taskctl]
   238 0000028B 83 B8 00001008 00               	CMP	DWORD [4104+EAX],0
   239 00000292 74 13                           	JE	L56
   240 00000294 41                              	INC	ECX
   241 00000295 81 C2 000000C4                  	ADD	EDX,196
   242 0000029B 81 F9 000003E7                  	CMP	ECX,999
   243 000002A1 7E E0                           	JLE	L53
   244 000002A3 31 C0                           	XOR	EAX,EAX
   245 000002A5                                 L47:
   246 000002A5 5D                              	POP	EBP
   247 000002A6 C3                              	RET
   248 000002A7                                 L56:
   249 000002A7 05 00001004                     	ADD	EAX,4100
   250 000002AC C7 40 04 00000001               	MOV	DWORD [4+EAX],1
   251 000002B3 C7 40 50 00000202               	MOV	DWORD [80+EAX],514
   252 000002BA C7 40 54 00000000               	MOV	DWORD [84+EAX],0
   253 000002C1 C7 40 58 00000000               	MOV	DWORD [88+EAX],0
   254 000002C8 C7 40 5C 00000000               	MOV	DWORD [92+EAX],0
   255 000002CF C7 40 60 00000000               	MOV	DWORD [96+EAX],0
   256 000002D6 C7 40 68 00000000               	MOV	DWORD [104+EAX],0
   257 000002DD C7 40 6C 00000000               	MOV	DWORD [108+EAX],0
   258 000002E4 C7 40 70 00000000               	MOV	DWORD [112+EAX],0
   259 000002EB C7 40 74 00000000               	MOV	DWORD [116+EAX],0
   260 000002F2 C7 80 00000080 00000000         	MOV	DWORD [128+EAX],0
   261 000002FC C7 80 00000084 00000000         	MOV	DWORD [132+EAX],0
   262 00000306 C7 80 00000088 00000000         	MOV	DWORD [136+EAX],0
   263 00000310 C7 80 00000090 40000000         	MOV	DWORD [144+EAX],1073741824
   264 0000031A C7 40 34 00000000               	MOV	DWORD [52+EAX],0
   265 00000321 E9 FFFFFF7F                     	JMP	L47
   266 00000326                                 	GLOBAL	_task_run
   267 00000326                                 _task_run:
   268 00000326 55                              	PUSH	EBP
   269 00000327 A1 [00000008]                   	MOV	EAX,DWORD [_taskctl]
   270 0000032C 89 E5                           	MOV	EBP,ESP
   271 0000032E 56                              	PUSH	ESI
   272 0000032F 53                              	PUSH	EBX
   273 00000330 8B 10                           	MOV	EDX,DWORD [EAX]
   274 00000332 8B 75 0C                        	MOV	ESI,DWORD [12+EBP]
   275 00000335 42                              	INC	EDX
   276 00000336 8B 5D 08                        	MOV	EBX,DWORD [8+EBP]
   277 00000339 8B 4D 10                        	MOV	ECX,DWORD [16+EBP]
   278 0000033C 85 F6                           	TEST	ESI,ESI
   279 0000033E 89 10                           	MOV	DWORD [EAX],EDX
   280 00000340 89 9C 90 00030DA4               	MOV	DWORD [200100+EAX+EDX*4],EBX
   281 00000347 78 42                           	JS	L62
   282 00000349                                 L58:
   283 00000349 85 C9                           	TEST	ECX,ECX
   284 0000034B 7E 03                           	JLE	L59
   285 0000034D 89 4B 0C                        	MOV	DWORD [12+EBX],ECX
   286 00000350                                 L59:
   287 00000350 83 7B 04 02                     	CMP	DWORD [4+EBX],2
   288 00000354 74 27                           	JE	L63
   289 00000356                                 L60:
   290 00000356 83 7B 04 02                     	CMP	DWORD [4+EBX],2
   291 0000035A 74 11                           	JE	L61
   292 0000035C 89 73 08                        	MOV	DWORD [8+EBX],ESI
   293 0000035F 53                              	PUSH	EBX
   294 00000360 E8 FFFFFCB9                     	CALL	_task_add
   295 00000365 A1 [00000008]                   	MOV	EAX,DWORD [_taskctl]
   296 0000036A FF 08                           	DEC	DWORD [EAX]
   297 0000036C 59                              	POP	ECX
   298 0000036D                                 L61:
   299 0000036D A1 [00000008]                   	MOV	EAX,DWORD [_taskctl]
   300 00000372 C6 40 10 01                     	MOV	BYTE [16+EAX],1
   301 00000376 8D 65 F8                        	LEA	ESP,DWORD [-8+EBP]
   302 00000379 5B                              	POP	EBX
   303 0000037A 5E                              	POP	ESI
   304 0000037B 5D                              	POP	EBP
   305 0000037C C3                              	RET
   306 0000037D                                 L63:
   307 0000037D 39 73 08                        	CMP	DWORD [8+EBX],ESI
   308 00000380 74 D4                           	JE	L60
   309 00000382 53                              	PUSH	EBX
   310 00000383 E8 FFFFFCD0                     	CALL	_task_remove
   311 00000388 58                              	POP	EAX
   312 00000389 EB CB                           	JMP	L60
   313 0000038B                                 L62:
   314 0000038B 8B 73 08                        	MOV	ESI,DWORD [8+EBX]
   315 0000038E EB B9                           	JMP	L58
   316 00000390                                 	GLOBAL	_task_sleep
   317 00000390                                 _task_sleep:
   318 00000390 55                              	PUSH	EBP
   319 00000391 89 E5                           	MOV	EBP,ESP
   320 00000393 56                              	PUSH	ESI
   321 00000394 53                              	PUSH	EBX
   322 00000395 8B 75 08                        	MOV	ESI,DWORD [8+EBP]
   323 00000398 83 7E 04 02                     	CMP	DWORD [4+ESI],2
   324 0000039C 74 07                           	JE	L67
   325 0000039E                                 L64:
   326 0000039E 8D 65 F8                        	LEA	ESP,DWORD [-8+EBP]
   327 000003A1 5B                              	POP	EBX
   328 000003A2 5E                              	POP	ESI
   329 000003A3 5D                              	POP	EBP
   330 000003A4 C3                              	RET
   331 000003A5                                 L67:
   332 000003A5 E8 FFFFFC56                     	CALL	_task_now
   333 000003AA 56                              	PUSH	ESI
   334 000003AB 89 C3                           	MOV	EBX,EAX
   335 000003AD E8 FFFFFCA6                     	CALL	_task_remove
   336 000003B2 59                              	POP	ECX
   337 000003B3 39 DE                           	CMP	ESI,EBX
   338 000003B5 75 E7                           	JNE	L64
   339 000003B7 E8 FFFFFD06                     	CALL	_task_switchsub
   340 000003BC E8 FFFFFC3F                     	CALL	_task_now
   341 000003C1 FF 30                           	PUSH	DWORD [EAX]
   342 000003C3 6A 00                           	PUSH	0
   343 000003C5 E8 [00000000]                   	CALL	_farjmp
   344 000003CA 58                              	POP	EAX
   345 000003CB 5A                              	POP	EDX
   346 000003CC EB D0                           	JMP	L64
   347 000003CE                                 	GLOBAL	_task_switch
   348 000003CE                                 _task_switch:
   349 000003CE 55                              	PUSH	EBP
   350 000003CF 89 E5                           	MOV	EBP,ESP
   351 000003D1 56                              	PUSH	ESI
   352 000003D2 53                              	PUSH	EBX
   353 000003D3 8B 1D [00000008]                	MOV	EBX,DWORD [_taskctl]
   354 000003D9 8B 53 0C                        	MOV	EDX,DWORD [12+EBX]
   355 000003DC 69 D2 00000198                  	IMUL	EDX,EDX,408
   356 000003E2 8D 14 1A                        	LEA	EDX,DWORD [EDX+EBX*1]
   357 000003E5 8D 4A 14                        	LEA	ECX,DWORD [20+EDX]
   358 000003E8 8B 41 04                        	MOV	EAX,DWORD [4+ECX]
   359 000003EB 8B 74 81 08                     	MOV	ESI,DWORD [8+ECX+EAX*4]
   360 000003EF 40                              	INC	EAX
   361 000003F0 89 41 04                        	MOV	DWORD [4+ECX],EAX
   362 000003F3 3B 42 14                        	CMP	EAX,DWORD [20+EDX]
   363 000003F6 74 4D                           	JE	L72
   364 000003F8                                 L69:
   365 000003F8 80 7B 10 00                     	CMP	BYTE [16+EBX],0
   366 000003FC 75 2D                           	JNE	L73
   367 000003FE                                 L70:
   368 000003FE 8B 41 04                        	MOV	EAX,DWORD [4+ECX]
   369 00000401 8B 5C 81 08                     	MOV	EBX,DWORD [8+ECX+EAX*4]
   370 00000405 FF 73 0C                        	PUSH	DWORD [12+EBX]
   371 00000408 FF 35 [0000000C]                	PUSH	DWORD [_task_timer]
   372 0000040E E8 [00000000]                   	CALL	_timer_settime
   373 00000413 39 F3                           	CMP	EBX,ESI
   374 00000415 58                              	POP	EAX
   375 00000416 5A                              	POP	EDX
   376 00000417 74 0B                           	JE	L68
   377 00000419 FF 33                           	PUSH	DWORD [EBX]
   378 0000041B 6A 00                           	PUSH	0
   379 0000041D E8 [00000000]                   	CALL	_farjmp
   380 00000422 5B                              	POP	EBX
   381 00000423 5E                              	POP	ESI
   382 00000424                                 L68:
   383 00000424 8D 65 F8                        	LEA	ESP,DWORD [-8+EBP]
   384 00000427 5B                              	POP	EBX
   385 00000428 5E                              	POP	ESI
   386 00000429 5D                              	POP	EBP
   387 0000042A C3                              	RET
   388 0000042B                                 L73:
   389 0000042B E8 FFFFFC92                     	CALL	_task_switchsub
   390 00000430 8B 15 [00000008]                	MOV	EDX,DWORD [_taskctl]
   391 00000436 8B 42 0C                        	MOV	EAX,DWORD [12+EDX]
   392 00000439 69 C0 00000198                  	IMUL	EAX,EAX,408
   393 0000043F 8D 4C 10 14                     	LEA	ECX,DWORD [20+EAX+EDX*1]
   394 00000443 EB B9                           	JMP	L70
   395 00000445                                 L72:
   396 00000445 C7 41 04 00000000               	MOV	DWORD [4+ECX],0
   397 0000044C EB AA                           	JMP	L69
   398 0000044E                                 	GLOBAL	_taskctl
   399                                          [SECTION .data]
   400 00000005 00 00 00                        	ALIGNB	4
   401 00000008                                 _taskctl:
   402 00000008 00 00 00 00                     	RESB	4
   403 0000000C                                 	GLOBAL	_task_timer
   404                                          [SECTION .data]
   405 0000000C                                 	ALIGNB	4
   406 0000000C                                 _task_timer:
   407 0000000C 00 00 00 00                     	RESB	4
